// Jest Snapshot v1, https://goo.gl/fbAQLP

exports[`NotFoundComponent should match the snapshot 1`] = `
<app-not-found
  meta={[Function Object]}
>
  <h1
    class="text-center"
  >
    Page Not Found
  </h1><h5
    class="text-center"
  >
    Please check your URL and try again
  </h5>
</app-not-found>
`;
