// Jest Snapshot v1, https://goo.gl/fbAQLP

exports[`ReferencesComponent should match the snapshot 1`] = `
<app-references
  getter={[Function Observable]}
  goatService={[Function Object]}
  name={[Function String]}
>
  <app-goats />
</app-references>
`;
